[booqi.me/index.html]
[backblue.gif]
[fade.gif]
[index.html]
[booqi.me/nl.html]
[booqi.me/fr.html]
[booqi.me/de.html]
[booqi.me/es.html]
[booqi.me/features.html]
[booqi.me/theme-parks-and-recreational-facilities.html]
[booqi.me/zoos.html]
[booqi.me/museums.html]
[booqi.me/swimming-pools.html]
[booqi.me/create-account.html]
[booqi.me/about-us.html]
[booqi.me/blog.html]
[booqi.me/terms-and-conditions.html]
[booqi.me/industry.html]
[booqi.me/contact.html]
[booqi.me/index.html]
[booqi.me/nl.html]
[booqi.me/fr.html]
[booqi.me/de.html]
[booqi.me/es.html]
[booqi.me/book-demo.html]
[booqi.me/nl/features.html]
[booqi.me/fr/features.html]
[booqi.me/de/features.html]
[booqi.me/features.html]
[booqi.me/es/features.html]
[booqi.me/nl/theme-parks-and-recreational-facilities.html]
[booqi.me/fr/theme-parks-and-recreational-facilities.html]
[booqi.me/de/theme-parks-and-recreational-facilities.html]
[booqi.me/theme-parks-and-recreational-facilities.html]
[booqi.me/es/theme-parks-and-recreational-facilities.html]
[booqi.me/nl/zoos.html]
[booqi.me/fr/zoos.html]
[booqi.me/de/zoos.html]
[booqi.me/zoos.html]
[booqi.me/es/zoos.html]
[booqi.me/nl/museums.html]
[booqi.me/fr/museums.html]
[booqi.me/de/museums.html]
[booqi.me/museums.html]
[booqi.me/es/museums.html]
[booqi.me/nl/swimming-pools.html]
[booqi.me/fr/swimming-pools.html]
[booqi.me/de/swimming-pools.html]
[booqi.me/swimming-pools.html]
[booqi.me/es/swimming-pools.html]
[booqi.me/nl/create-account.html]
[booqi.me/fr/create-account.html]
[booqi.me/de/create-account.html]
[booqi.me/create-account.html]
[booqi.me/es/create-account.html]
[booqi.me/nl/about-us.html]
[booqi.me/fr/about-us.html]
[booqi.me/de/about-us.html]
[booqi.me/about-us.html]
[booqi.me/es/about-us.html]
[booqi.me/nl/blog.html]
[booqi.me/fr/blog.html]
[booqi.me/de/blog.html]
[booqi.me/es/blog.html]
[booqi.me/blog/customer-story-klotti-freizeitpark-digitizes-ticket-sales-with-booqi.html]
[booqi.me/blog/booqi-vouchers-boost-revenue-attract-new-visitors-and-offer-total-flexibility.html]
[booqi.me/blog/increase-customer-loyalty-with-subscription-modules.html]
[booqi.me/blog/the-power-of-smart-emails-for-your-visitors.html]
[booqi.me/blog/how-capacity-poules-help-optimize-your-venue.html]
[booqi.me/blog.html]
[booqi.me/blog/why-working-with-customer-groups-makes-the-difference.html]
[booqi.me/nl/terms-and-conditions.html]
[booqi.me/fr/terms-and-conditions.html]
[booqi.me/de/terms-and-conditions.html]
[booqi.me/terms-and-conditions.html]
[booqi.me/es/terms-and-conditions.html]
[booqi.me/nl/industry.html]
[booqi.me/fr/industry.html]
[booqi.me/de/industry.html]
[booqi.me/industry.html]
[booqi.me/es/industry.html]
[booqi.me/nl/contact.html]
[booqi.me/fr/contact.html]
[booqi.me/de/contact.html]
[booqi.me/contact.html]
[booqi.me/es/contact.html]
[booqi.me/nl/book-demo.html]
[booqi.me/fr/book-demo.html]
[booqi.me/de/book-demo.html]
[booqi.me/book-demo.html]
[booqi.me/nl/features.html]
[booqi.me/fr/features.html]
[booqi.me/de/features.html]
[booqi.me/es/book-demo.html]
[booqi.me/es/features.html]
[booqi.me/nl/theme-parks-and-recreational-facilities.html]
[booqi.me/fr/theme-parks-and-recreational-facilities.html]
[booqi.me/de/theme-parks-and-recreational-facilities.html]
[booqi.me/es/theme-parks-and-recreational-facilities.html]
[booqi.me/nl/zoos.html]
[booqi.me/fr/zoos.html]
[booqi.me/de/zoos.html]
[booqi.me/es/zoos.html]
[booqi.me/nl/museums.html]
[booqi.me/fr/museums.html]
[booqi.me/de/museums.html]
[booqi.me/es/museums.html]
[booqi.me/nl/swimming-pools.html]
[booqi.me/fr/swimming-pools.html]
[booqi.me/de/swimming-pools.html]
[booqi.me/es/swimming-pools.html]
[booqi.me/nl/create-account.html]
[booqi.me/fr/create-account.html]
[booqi.me/de/create-account.html]
[booqi.me/es/create-account.html]
[booqi.me/nl/about-us.html]
[booqi.me/fr/about-us.html]
[booqi.me/de/about-us.html]
[booqi.me/es/about-us.html]
[booqi.me/nl/blog/customer-story-klotti-freizeitpark-digitizes-ticket-sales-with-booqi.html]
[booqi.me/nl/blog/booqi-vouchers-boost-revenue-attract-new-visitors-and-offer-total-flexibility.html]
[booqi.me/nl/blog/increase-customer-loyalty-with-subscription-modules.html]
[booqi.me/nl/blog/the-power-of-smart-emails-for-your-visitors.html]
[booqi.me/nl/blog/how-capacity-poules-help-optimize-your-venue.html]
[booqi.me/nl/blog.html]
[booqi.me/nl/blog/why-working-with-customer-groups-makes-the-difference.html]
[booqi.me/fr/blog/customer-story-klotti-freizeitpark-digitizes-ticket-sales-with-booqi.html]
[booqi.me/fr/blog/booqi-vouchers-boost-revenue-attract-new-visitors-and-offer-total-flexibility.html]
[booqi.me/fr/blog/increase-customer-loyalty-with-subscription-modules.html]
[booqi.me/fr/blog/the-power-of-smart-emails-for-your-visitors.html]
[booqi.me/fr/blog/how-capacity-poules-help-optimize-your-venue.html]
[booqi.me/fr/blog.html]
[booqi.me/fr/blog/why-working-with-customer-groups-makes-the-difference.html]
[booqi.me/de/blog/customer-story-klotti-freizeitpark-digitizes-ticket-sales-with-booqi.html]
[booqi.me/de/blog/booqi-vouchers-boost-revenue-attract-new-visitors-and-offer-total-flexibility.html]
[booqi.me/de/blog/increase-customer-loyalty-with-subscription-modules.html]
[booqi.me/de/blog/the-power-of-smart-emails-for-your-visitors.html]
[booqi.me/de/blog/how-capacity-poules-help-optimize-your-venue.html]
[booqi.me/de/blog.html]
[booqi.me/de/blog/why-working-with-customer-groups-makes-the-difference.html]
[booqi.me/es/blog/customer-story-klotti-freizeitpark-digitizes-ticket-sales-with-booqi.html]
[booqi.me/es/blog/booqi-vouchers-boost-revenue-attract-new-visitors-and-offer-total-flexibility.html]
[booqi.me/es/blog/increase-customer-loyalty-with-subscription-modules.html]
[booqi.me/es/blog/the-power-of-smart-emails-for-your-visitors.html]
[booqi.me/es/blog/how-capacity-poules-help-optimize-your-venue.html]
[booqi.me/es/blog.html]
[booqi.me/blog/customer-story-klotti-freizeitpark-digitizes-ticket-sales-with-booqi.html]
[booqi.me/blog/booqi-vouchers-boost-revenue-attract-new-visitors-and-offer-total-flexibility.html]
[booqi.me/blog/increase-customer-loyalty-with-subscription-modules.html]
[booqi.me/blog/the-power-of-smart-emails-for-your-visitors.html]
[booqi.me/blog/how-capacity-poules-help-optimize-your-venue.html]
[booqi.me/blog/why-working-with-customer-groups-makes-the-difference.html]
[booqi.me/nl/terms-and-conditions.html]
[booqi.me/fr/terms-and-conditions.html]
[booqi.me/de/terms-and-conditions.html]
[booqi.me/es/terms-and-conditions.html]
[booqi.me/nl/industry.html]
[booqi.me/fr/industry.html]
[booqi.me/de/industry.html]
[booqi.me/es/industry.html]
[booqi.me/nl/contact.html]
[booqi.me/fr/contact.html]
[booqi.me/de/contact.html]
[booqi.me/es/contact.html]
[booqi.me/nl/book-demo.html]
[booqi.me/fr/book-demo.html]
[booqi.me/de/book-demo.html]
[booqi.me/es/book-demo.html]
[booqi.me/nl/index.html]
[booqi.me/fr/index.html]
[booqi.me/de/index.html]
[booqi.me/es/index.html]
[booqi.me/nl/blog/customer-story-klotti-freizeitpark-digitizes-ticket-sales-with-booqi.html]
[booqi.me/nl/blog/booqi-vouchers-boost-revenue-attract-new-visitors-and-offer-total-flexibility.html]
[booqi.me/nl/blog/increase-customer-loyalty-with-subscription-modules.html]
[booqi.me/nl/blog/the-power-of-smart-emails-for-your-visitors.html]
[booqi.me/nl/blog/how-capacity-poules-help-optimize-your-venue.html]
[booqi.me/nl/blog/why-working-with-customer-groups-makes-the-difference.html]
[booqi.me/fr/blog/customer-story-klotti-freizeitpark-digitizes-ticket-sales-with-booqi.html]
[booqi.me/fr/blog/booqi-vouchers-boost-revenue-attract-new-visitors-and-offer-total-flexibility.html]
[booqi.me/fr/blog/increase-customer-loyalty-with-subscription-modules.html]
[booqi.me/fr/blog/the-power-of-smart-emails-for-your-visitors.html]
[booqi.me/fr/blog/how-capacity-poules-help-optimize-your-venue.html]
[booqi.me/fr/blog/why-working-with-customer-groups-makes-the-difference.html]
[booqi.me/de/blog/customer-story-klotti-freizeitpark-digitizes-ticket-sales-with-booqi.html]
[booqi.me/de/blog/booqi-vouchers-boost-revenue-attract-new-visitors-and-offer-total-flexibility.html]
[booqi.me/de/blog/increase-customer-loyalty-with-subscription-modules.html]
[booqi.me/de/blog/the-power-of-smart-emails-for-your-visitors.html]
[booqi.me/de/blog/how-capacity-poules-help-optimize-your-venue.html]
[booqi.me/de/blog/why-working-with-customer-groups-makes-the-difference.html]
[booqi.me/es/blog/customer-story-klotti-freizeitpark-digitizes-ticket-sales-with-booqi.html]
[booqi.me/es/blog/booqi-vouchers-boost-revenue-attract-new-visitors-and-offer-total-flexibility.html]
[booqi.me/es/blog/increase-customer-loyalty-with-subscription-modules.html]
[booqi.me/es/blog/the-power-of-smart-emails-for-your-visitors.html]
[booqi.me/es/blog/how-capacity-poules-help-optimize-your-venue.html]
[booqi.me/es/blog/why-working-with-customer-groups-makes-the-difference.html]
[booqi.me/es/blog/why-working-with-customer-groups-makes-the-difference.html]
